// Jest Snapshot v1, https://goo.gl/fbAQLP

exports[`should render home component 1`] = `
<div>
  <Connect(ExpenseListFilter) />
  <Component />
  <Connect(ExpenseList) />
</div>
`;
