// Jest Snapshot v1, https://goo.gl/fbAQLP

exports[`should render Login component 1`] = `
<div>
  <form>
    <button>
      Login
    </button>
  </form>
</div>
`;
